<?xml version="1.0" encoding="UTF-8"?>
<testsuites>
  <testsuite name='&lt;img src=x onerror="window.__XSS=1"&gt;MRKJU-suite' tests="2" failures="1" time="1.5">
    <testcase classname='&lt;img src=x onerror="window.__XSS=1"&gt;MRKJU.Class' name='&lt;img src=x onerror="window.__XSS=1"&gt;MRKJU::test_fails' time="0.5">
      <failure type='&lt;img src=x onerror="window.__XSS=1"&gt;MRKJUError' message='&lt;img src=x onerror="window.__XSS=1"&gt;MRKJU assertion boom'>&lt;img src=x onerror="window.__XSS=1"&gt;MRKJU
  File "/x/x.py", line 3
AssertionError</failure>
    </testcase>
    <testcase classname='&lt;img src=x onerror="window.__XSS=1"&gt;MRKJU.Class' name='&lt;img src=x onerror="window.__XSS=1"&gt;MRKJU::test_passes' time="1.0"/>
  </testsuite>
</testsuites>
